 gcc -g p4original.c
 ./a.out
enter the value of n4
enter array elements4
4
3
3
4+4+3+3+=14 
 gdb a.out
GNU gdb (Ubuntu 8.1.1-0ubuntu1) 8.1.1
Copyright (C) 2018 Free Software Foundation, Inc.
License GPLv3+: GNU GPL version 3 or later <http://gnu.org/licenses/gpl.html>
This is free software: you are free to change and redistribute it.
There is NO WARRANTY, to the extent permitted by law.  Type "show copying"
and "show warranty" for details.
This GDB was configured as "x86_64-linux-gnu".
Type "show configuration" for configuration details.
For bug reporting instructions, please see:
<http://www.gnu.org/software/gdb/bugs/>.
Find the GDB manual and other documentation resources online at:
<http://www.gnu.org/software/gdb/documentation/>.
For help, type "help".
Type "apropos word" to search for commands related to "word"...
Reading symbols from a.out...done.
(gdb) b main
Breakpoint 1 at 0x892: file p4original.c, line 38.
(gdb) r
Starting program: /home/runner/pps-IA1-practice-4/a.out 
warning: Error disabling address space randomization: Operation not permitted
n
Breakpoint 1, main () at p4original.c:38
38  {
(gdb) n
40      n=input_array_size();
(gdb) s
input_array_size () at p4original.c:3
3   {
(gdb) p
The history is empty.
(gdb) c
Continuing.
enter the value of n